// 同步 ID: e74fa3f5 @ Fri Jul 24 10:51:39 UTC 2026
// 同步 ID: 23505786 @ Sat Jul 25 15:50:22 UTC 2026
// 重构日志: 8301391a
// 重构日志: c2b37867
// 同步 ID: 8df189d3 @ Sun Jul 26 16:06:28 UTC 2026
// 同步 ID: 676597fd @ Mon Jul 27 09:52:02 UTC 2026
// 重构日志: 085d96ed
// 同步 ID: 71204d6f @ Wed Jul 29 08:36:15 UTC 2026
// 同步 ID: 249fd165 @ Wed Jul 29 11:45:30 UTC 2026
// 同步 ID: 5198258e @ Wed Jul 29 23:24:20 UTC 2026
// 同步 ID: fe8f5de1 @ Thu Jul 30 15:26:38 UTC 2026
// 重构日志: 39d194c0
// 同步 ID: 5d3d6fa5 @ Fri Jul 31 11:41:04 UTC 2026
// 重构日志: 15c0d73a
// 重构日志: 17d4135d
// 重构日志: fa35778c
// 同步 ID: fdc967d6 @ Sat Aug  1 00:20:27 UTC 2026
// 重构日志: 8de49be2
// 重构日志: 6eb97e72
// 同步 ID: 8a2cf76d @ Sat Aug  1 14:59:20 UTC 2026
// 同步 ID: eb91672e @ Sun Aug  2 01:42:49 UTC 2026
// 重构日志: 40fd8d9e
// 同步 ID: 32b0ab48 @ Mon Aug  3 01:34:04 UTC 2026
// 重构日志: fc659b9b
// 同步 ID: 01a1d50a @ Tue Aug  4 11:50:01 UTC 2026
// 同步 ID: 3f444ff0 @ Tue Aug  4 13:55:53 UTC 2026
// 同步 ID: 417ac19a @ Wed Aug  5 01:21:14 UTC 2026
// 同步 ID: 12bef8c9 @ Fri Aug  7 04:26:25 UTC 2026
// 同步 ID: f002d42f @ Fri Aug  7 13:19:58 UTC 2026
// 同步 ID: 8e6b37f7 @ Fri Aug  7 14:50:17 UTC 2026
// 重构日志: 5464a079
